securityPattern/rejectedRights.java
securityPattern/approved.java
sysSCADA/requestToLogin.java
sysSCADA/toCheckPolicy.java
sysSCADA/distributeService.java
secureSCADA/LCReader.java
securityPattern/SecurityPolicy.java
securityPattern/rejected.java
sysSCADA/returnRightsToCen.java
sysSCADA/toCheckRights.java
sysSCADA/sendFeedback.java
secureSCADA/secureSCADA_pkgClass.java
securityPattern/recieveRequestFromSingle.java
sysSCADA/requestService.java
secureSCADA/User.java
securityPattern/Rights.java
sysSCADA/FieldUnit.java
MainDefaultComponent.java
securityPattern/requested.java
sysSCADA/fieldRightsFeedback.java
sysSCADA/recieveFromCenter.java
secureSCADA/Administrator.java
sysSCADA/LocalController.java
sysSCADA/HMI.java
securityPattern/reject.java
securityPattern/securityPattern_pkgClass.java
sysSCADA/requestToAccessNet.java
sysSCADA/returnPolicyToCen.java
sysSCADA/selectData.java
securityPattern/protectedObject.java
securityPattern/recieveDeniedAccess.java
sysSCADA/toCheckRightsNet.java
sysSCADA/request.java
securityPattern/checkRights.java
sysSCADA/toCheckPoint.java
sysSCADA/offerService.java
securityPattern/recieveRequestFromUser.java
sysSCADA/EnterSingleAccessField.java
sysSCADA/selectedData.java
sysSCADA/queryData.java
sysSCADA/recieveFromCenterByNet.java
securityPattern/checkPoint.java
securityPattern/SingleAccessPoint.java
securityPattern/checkPolicy.java
sysSCADA/toCheckFieldPolicy.java
secureSCADA/CCOwner.java
sysSCADA/user.java
securityPattern/approvedRights.java
sysSCADA/returnNetRights.java
sysSCADA/triggerData.java
sysSCADA/sysSCADA_pkgClass.java
secureSCADA/Unknown.java
securityPattern/recieveCheck.java
sysSCADA/requestToHMI.java
sysSCADA/queryDataserver.java
sysSCADA/sendToLocal.java
securityPattern/checkAgain.java
sysSCADA/ReturnNetPolicy.java
sysSCADA/returnPolicy.java
sysSCADA/requestFromUsr.java
sysSCADA/doSomething.java
securityPattern/checkedPolicy.java
sysSCADA/fieldPolicyFeedback.java
securityPattern/user_securityPattern.java
securityPattern/counterMeasure.java
sysSCADA/FieldService.java
sysSCADA/centerController.java
securityPattern/triedMorethanThreetimes.java
securityPattern/countRejected.java
sysSCADA/toCheckPointNet.java
sysSCADA/backServiceInfo.java
sysSCADA/checkpointField.java
sysSCADA/receivedBackInfo.java
sysSCADA/sendToCenter.java
sysSCADA/toCheckFieldRights.java
sysSCADA/interactHMI.java
securityPattern/backService.java
sysSCADA/checkSuccess.java
sysSCADA/toCheckPolicyNet.java
sysSCADA/requestToCenter.java
sysSCADA/dataServer.java
sysSCADA/commNetwork.java
