secureSCADA/secureSCADA_pkgClass.java
securityPattern/backService.java
securityPattern/recieveRequestFromSingle.java
sysSCADA/backServiceInfo.java
sysSCADA/user.java
securityPattern/approved.java
sysSCADA/doSomething.java
securityPattern/protectedObject.java
securityPattern/checkPoint.java
sysSCADA/triggerData.java
sysSCADA/HMI.java
securityPattern/checkPolicy.java
sysSCADA/sendToCenter.java
securityPattern/Rights.java
securityPattern/checkAgain.java
securityPattern/recieveRequestFromUser.java
sysSCADA/sysSCADA_pkgClass.java
secureSCADA/Unknown.java
securityPattern/SingleAccessPoint.java
sysSCADA/dataServer.java
sysSCADA/FieldUnit.java
securityPattern/requested.java
sysSCADA/request.java
secureSCADA/CCOwner.java
sysSCADA/requestService.java
sysSCADA/requestToCenter.java
securityPattern/counterMeasure.java
securityPattern/checkRights.java
sysSCADA/sendFeedback.java
securityPattern/reject.java
securityPattern/checkedPolicy.java
sysSCADA/distributeService.java
sysSCADA/backInteraction.java
sysSCADA/offerService.java
sysSCADA/recieveFromCenter.java
secureSCADA/Administrator.java
securityPattern/user_securityPattern.java
securityPattern/triedMorethanThreetimes.java
securityPattern/countRejected.java
securityPattern/securityPattern_pkgClass.java
sysSCADA/sendToUser.java
sysSCADA/commNetwork.java
sysSCADA/centerController.java
securityPattern/rejected.java
securityPattern/approvedRights.java
sysSCADA/backData.java
sysSCADA/FieldService.java
securityPattern/recieveDeniedAccess.java
sysSCADA/recieveFromCenterByNet.java
secureSCADA/User.java
sysSCADA/LocalController.java
securityPattern/recieveCheck.java
sysSCADA/interactHMI.java
secureSCADA/LCReader.java
MainDefaultComponent.java
securityPattern/rejectedRights.java
sysSCADA/sendToLocal.java
securityPattern/SecurityPolicy.java
